// Jest Snapshot v1, https://goo.gl/fbAQLP

exports[`Renders without crashing 1`] = `
<div>
  <form
    onSubmit={[Function]}
  >
    <div
      className="search"
    >
      <label>
        Search:
      </label>
      <input
        className="searchBar"
        onChange={[Function]}
        type="text"
        value=""
      />
    </div>
    <div
      className="mediaTypes"
    >
      <label>
        Media:
      </label>
      All 
      <input
        checked={false}
        className="radio"
        name="rdMedia"
        onChange={[Function]}
        type="radio"
        value="all"
      />
      Movie 
      <input
        checked={false}
        className="radio"
        name="rdMedia"
        onChange={[Function]}
        type="radio"
        value="movie"
      />
      Music 
      <input
        checked={false}
        className="radio"
        name="rdMedia"
        onChange={[Function]}
        type="radio"
        value="music"
      />
      TV 
      <input
        checked={false}
        className="radio"
        name="rdMedia"
        onChange={[Function]}
        type="radio"
        value="tvShow"
      />
      Audiobook 
      <input
        checked={false}
        className="radio"
        name="rdMedia"
        onChange={[Function]}
        type="radio"
        value="audiobook"
      />
      Software 
      <input
        checked={false}
        className="radio"
        name="rdMedia"
        onChange={[Function]}
        type="radio"
        value="software"
      />
      Ebook 
      <input
        checked={false}
        className="radio"
        name="rdMedia"
        onChange={[Function]}
        type="radio"
        value="ebook"
      />
    </div>
    <label>
      Limit:
    </label>
    <input
      className="limit"
      max={50}
      min={1}
      onChange={[Function]}
      placeholder="Search..."
      type="number"
      value={10}
    />
    <input
      className="submit"
      type="submit"
      value="Search"
    />
  </form>
</div>
`;
